src/pages/AIAssistant.tsx(1,1): error TS6133: 'React' is declared but its value is never read.
src/pages/AIAssistant.tsx(2,1): error TS6133: 'Link' is declared but its value is never read.
src/pages/Analytics.tsx(1,1): error TS6133: 'React' is declared but its value is never read.
src/pages/Analytics.tsx(2,1): error TS6133: 'Link' is declared but its value is never read.
src/pages/Dashboard.tsx(1,1): error TS6133: 'React' is declared but its value is never read.
src/pages/Dashboard.tsx(2,1): error TS6133: 'Link' is declared but its value is never read.
src/pages/Onboarding.tsx(1,1): error TS6133: 'React' is declared but its value is never read.
src/pages/Onboarding.tsx(2,1): error TS6133: 'Link' is declared but its value is never read.
src/pages/Onboarding.tsx(28,1): error TS2339: Property 'lineargradient' does not exist on type 'JSX.IntrinsicElements'.
src/pages/Onboarding.tsx(31,1): error TS2339: Property 'lineargradient' does not exist on type 'JSX.IntrinsicElements'.
src/pages/Profile.tsx(1,1): error TS6133: 'React' is declared but its value is never read.
src/pages/Profile.tsx(2,1): error TS6133: 'Link' is declared but its value is never read.
src/pages/SocialFeeds.tsx(1,1): error TS6133: 'React' is declared but its value is never read.
src/pages/SocialFeeds.tsx(2,1): error TS6133: 'Link' is declared but its value is never read.
src/pages/WorkoutPlans.tsx(1,1): error TS6133: 'React' is declared but its value is never read.
src/pages/WorkoutPlans.tsx(2,1): error TS6133: 'Link' is declared but its value is never read.
src/pages/WorkoutPlans.tsx(160,1): error TS2339: Property 'lineargradient' does not exist on type 'JSX.IntrinsicElements'.
src/pages/WorkoutPlans.tsx(163,1): error TS2339: Property 'lineargradient' does not exist on type 'JSX.IntrinsicElements'.
